August 1, 2026, 9:42 am
----------- DATA -------------
Array
(
    [name] => Idris abdullahi
    [phone] => +2348066020320
    [offerId] => df763e6d-2dbe-4fd0-9c8c-b06d0004f5c2
    [domain] => http://peefreenight.click/lander/prostalix-ke2-landing-1-kam_1785512169/lemon.php
    [ip] => 102.90.98.21
    [utm_campaign] => 31.07 - prost_NG_shakib_cat_151_1 - Jerlin - ch25+v4.1
    [utm_content] => 120246999958950688
    [utm_medium] => paid
    [utm_source] => fb
    [utm_term] => 120246999958990688
    [clickid] => oqp2rrei2gi
    [fbpxl] => 
    [cost] => 49000
)

----------- RESPONSE ---------
{"localClickId":"4d738172-f3ff-4d66-8f06-cefb18a2ab2f","result":"ok"}
----------- END --------------
August 1, 2026, 3:24 pm
----------- DATA -------------
Array
(
    [name] => Adown Oguche 
    [phone] => 08036377844
    [offerId] => df763e6d-2dbe-4fd0-9c8c-b06d0004f5c2
    [domain] => http://peefreenight.click/lander/prostalix-ke2-landing-1-kam_1785512169/lemon.php
    [ip] => 102.91.97.49
    [utm_campaign] => 01.08 - prost_NG_shakib_cat_297_7 - Jerlin - ch25-32+v1_g1
    [utm_content] => 52520543775345
    [utm_medium] => paid
    [utm_source] => fb
    [utm_term] => 52520543776545
    [clickid] => i86i4eei4dk
    [fbpxl] => 
    [cost] => 49000
)

----------- RESPONSE ---------
{"localClickId":"ea93810e-cccc-464b-93d2-5193f52973e2","result":"ok"}
----------- END --------------
August 1, 2026, 3:40 pm
----------- DATA -------------
Array
(
    [name] => Ewason sule eshimutu
    [phone] => 09134377855
    [offerId] => df763e6d-2dbe-4fd0-9c8c-b06d0004f5c2
    [domain] => http://peefreenight.click/lander/prostalix-ke2-landing-1-kam_1785512169/lemon.php
    [ip] => 102.91.102.249
    [utm_campaign] => 01.08 - prost_NG_shakib_cat_297_7 - Jerlin - ch25-32+v1_g1
    [utm_content] => 52520544251945
    [utm_medium] => paid
    [utm_source] => fb
    [utm_term] => 52520544252545
    [clickid] => 31k7vn3ei4g1
    [fbpxl] => 
    [cost] => 49000
)

----------- RESPONSE ---------
{"localClickId":"0cac4795-bfd6-42ac-8f77-702e41489f16","result":"ok"}
----------- END --------------
