July 31, 2026, 4:29 pm
----------- DATA -------------
Array
(
    [name] => fgfgfgf
    [phone] => 54454544454
    [offerId] => df763e6d-2dbe-4fd0-9c8c-b06d0004f5c2
    [domain] => http://jesus164.click/lander/prostalix-ke2-landing-1-kam_1785512169/lemon.php
    [ip] => 37.113.98.12
    [utm_campaign] => {{campaign.name}}
    [utm_content] => 
    [utm_medium] => 
    [utm_source] => {{site_source_name}}
    [utm_term] => 
    [clickid] => 2hl8cnpehucn
    [fbpxl] => 
    [cost] => 49000
)

----------- RESPONSE ---------
{"localClickId":"3fa75670-1929-4f91-a28f-35731ca1f494","result":"ok"}
----------- END --------------
July 31, 2026, 6:31 pm
----------- DATA -------------
Array
(
    [name] => Olayinka 
    [phone] => 08035277992
    [offerId] => df763e6d-2dbe-4fd0-9c8c-b06d0004f5c2
    [domain] => http://peefreenight.click/lander/prostalix-ke2-landing-1-kam_1785512169/lemon.php
    [ip] => 105.113.12.24
    [utm_campaign] => 31.07 - prost_NG_shakib_cat_151_2 - Jerlin - ch25+v4.1
    [utm_content] => 120247000040010688
    [utm_medium] => paid
    [utm_source] => fb
    [utm_term] => 120247000040060688
    [clickid] => 306ptlnehuol
    [fbpxl] => 
    [cost] => 49000
)

----------- RESPONSE ---------
{"localClickId":"f8ba6af1-aa16-4b62-8f94-df086ab0286a","result":"ok"}
----------- END --------------
July 31, 2026, 7:58 pm
----------- DATA -------------
Array
(
    [name] => Kenneth ejiogu
    [phone] => 08035516982
    [offerId] => df763e6d-2dbe-4fd0-9c8c-b06d0004f5c2
    [domain] => http://peefreenight.click/lander/prostalix-ke2-landing-1-kam_1785512169/lemon.php
    [ip] => 102.89.82.143
    [utm_campaign] => 31.07 - prost_NG_shakib_cat_151_2 - Jerlin - ch25+v4.1
    [utm_content] => 120247000040010688
    [utm_medium] => paid
    [utm_source] => fb
    [utm_term] => 120247000040060688
    [clickid] => 1bsqr40ehv8i
    [fbpxl] => 
    [cost] => 49000
)

----------- RESPONSE ---------
{"localClickId":"139a16d5-8294-4777-8379-88e65abbc7e3","result":"ok"}
----------- END --------------
July 31, 2026, 8:02 pm
----------- DATA -------------
Array
(
    [name] => Lucky 
    [phone] => +2349033644278
    [offerId] => df763e6d-2dbe-4fd0-9c8c-b06d0004f5c2
    [domain] => http://peefreenight.click/lander/prostalix-ke2-landing-1-kam_1785512169/lemon.php
    [ip] => 102.89.83.245
    [utm_campaign] => 31.07 - prost_NG_shakib_cat_151_3 - Jerlin - ch25+v4.1
    [utm_content] => 120247000040040688
    [utm_medium] => paid
    [utm_source] => fb
    [utm_term] => 120247000040090688
    [clickid] => 1c3cd90ehv80
    [fbpxl] => 
    [cost] => 49000
)

----------- RESPONSE ---------
{"localClickId":"183bf0d3-411f-4b76-9b37-cefeeeee7249","result":"ok"}
----------- END --------------
July 31, 2026, 8:22 pm
----------- DATA -------------
Array
(
    [name] => John nkemdi 
    [phone] => 08030708232
    [offerId] => df763e6d-2dbe-4fd0-9c8c-b06d0004f5c2
    [domain] => http://peefreenight.click/lander/prostalix-ke2-landing-1-kam_1785512169/lemon.php
    [ip] => 105.117.24.224
    [utm_campaign] => 31.07 - prost_NG_shakib_cat_151_1 - Jerlin - ch25+v4.1
    [utm_content] => 120246999958950688
    [utm_medium] => paid
    [utm_source] => fb
    [utm_term] => 120246999958990688
    [clickid] => 29j8a59ehvap
    [fbpxl] => 
    [cost] => 49000
)

----------- RESPONSE ---------
{"localClickId":"7788a33a-a147-4faf-999d-3e5721cd2395","result":"ok"}
----------- END --------------
